../Core/Src/main.c:75:6:vApplicationGetTimerTaskMemory	24	static
../Core/Src/main.c:95:5:main	72	static
../Core/Src/main.c:179:6:SystemClock_Config	88	static
../Core/Src/main.c:226:13:MX_SPI1_Init	8	static
../Core/Src/main.c:264:13:MX_USART2_UART_Init	8	static
../Core/Src/main.c:297:13:MX_GPIO_Init	48	static
../Core/Src/main.c:342:6:print	56	dynamic
../Core/Src/main.c:360:6:mcp2515writeRegister	24	static
../Core/Src/main.c:370:9:mcp2515readRegister	32	static
../Core/Src/main.c:388:6:mcp2515setTiming	8	static
../Core/Src/main.c:396:6:mcp2515normalMode	8	static
../Core/Src/main.c:403:6:mcp2515init	16	static
../Core/Src/main.c:458:6:mcp2515messageAvailable	16	static
../Core/Src/main.c:487:6:mcp2515readMessage	88	static
../Core/Src/main.c:546:6:HAL_GPIO_EXTI_Callback	24	static
../Core/Src/main.c:565:6:StartDefaultTask	16	static
../Core/Src/main.c:585:6:StartTask02	32	static
../Core/Src/main.c:609:6:HAL_TIM_PeriodElapsedCallback	16	static
../Core/Src/main.c:626:6:Error_Handler	4	static,ignoring_inline_asm
