../Core/Src/main.c:92:6:vApplicationGetTimerTaskMemory	24	static
../Core/Src/main.c:122:5:main	128	static
../Core/Src/main.c:222:6:SystemClock_Config	88	static
../Core/Src/main.c:270:13:MX_RTC_Init	8	static
../Core/Src/main.c:305:13:MX_SPI1_Init	8	static
../Core/Src/main.c:343:13:MX_USART2_UART_Init	8	static
../Core/Src/main.c:376:13:MX_GPIO_Init	48	static
../Core/Src/main.c:421:6:print	56	dynamic
../Core/Src/main.c:440:6:mcp2515writeRegister	24	static
../Core/Src/main.c:450:9:mcp2515readRegister	32	static
../Core/Src/main.c:469:10:Timestamp	32	static
../Core/Src/main.c:486:6:mcp2515setTiming	8	static
../Core/Src/main.c:494:6:mcp2515normalMode	8	static
../Core/Src/main.c:501:6:mcp2515init	16	static
../Core/Src/main.c:556:6:mcp2515messageAvailable	16	static
../Core/Src/main.c:586:6:mcp2515readMessage	56	static
../Core/Src/main.c:688:6:sdCardMsgPost	24	static
../Core/Src/main.c:752:6:sdCardSpiTransmission	4	static
../Core/Src/main.c:759:6:HAL_GPIO_EXTI_Callback	24	static
../Core/Src/main.c:780:6:StartDefaultTask	16	static
../Core/Src/main.c:800:6:StartTask02	32	static
../Core/Src/main.c:826:6:StartTask03	32	static
../Core/Src/main.c:859:6:StartTask04	32	static
../Core/Src/main.c:888:6:HAL_TIM_PeriodElapsedCallback	16	static
../Core/Src/main.c:905:6:Error_Handler	4	static,ignoring_inline_asm
